------------------------------------------------------------
TimeQuest Timing Analyzer Summary
------------------------------------------------------------

Type  : Slow 1100mV 85C Model Setup 'plla|clocka_pll_inst|altera_pll_i|general[0].gpll~PLL_OUTPUT_COUNTER|divclk'
Slack : 0.313
TNS   : 0.000

Type  : Slow 1100mV 85C Model Setup 'pllb|clockb_pll_inst|altera_pll_i|general[0].gpll~PLL_OUTPUT_COUNTER|divclk'
Slack : 1.908
TNS   : 0.000

Type  : Slow 1100mV 85C Model Setup 'altera_reserved_tck'
Slack : 10.234
TNS   : 0.000

Type  : Slow 1100mV 85C Model Hold 'altera_reserved_tck'
Slack : 0.152
TNS   : 0.000

Type  : Slow 1100mV 85C Model Hold 'pllb|clockb_pll_inst|altera_pll_i|general[0].gpll~PLL_OUTPUT_COUNTER|divclk'
Slack : 0.236
TNS   : 0.000

Type  : Slow 1100mV 85C Model Hold 'plla|clocka_pll_inst|altera_pll_i|general[0].gpll~PLL_OUTPUT_COUNTER|divclk'
Slack : 0.273
TNS   : 0.000

Type  : Slow 1100mV 85C Model Recovery 'altera_reserved_tck'
Slack : 35.864
TNS   : 0.000

Type  : Slow 1100mV 85C Model Removal 'altera_reserved_tck'
Slack : 0.917
TNS   : 0.000

Type  : Slow 1100mV 85C Model Minimum Pulse Width 'pllb|clockb_pll_inst|altera_pll_i|general[0].gpll~FRACTIONAL_PLL|vcoph[0]'
Slack : 1.157
TNS   : 0.000

Type  : Slow 1100mV 85C Model Minimum Pulse Width 'plla|clocka_pll_inst|altera_pll_i|general[0].gpll~FRACTIONAL_PLL|vcoph[0]'
Slack : 1.250
TNS   : 0.000

Type  : Slow 1100mV 85C Model Minimum Pulse Width 'plla|clocka_pll_inst|altera_pll_i|general[0].gpll~PLL_OUTPUT_COUNTER|divclk'
Slack : 1.266
TNS   : 0.000

Type  : Slow 1100mV 85C Model Minimum Pulse Width 'pllb|clockb_pll_inst|altera_pll_i|general[0].gpll~PLL_OUTPUT_COUNTER|divclk'
Slack : 2.253
TNS   : 0.000

Type  : Slow 1100mV 85C Model Minimum Pulse Width 'clock_50'
Slack : 9.670
TNS   : 0.000

Type  : Slow 1100mV 85C Model Minimum Pulse Width 'clock_27'
Slack : 18.189
TNS   : 0.000

Type  : Slow 1100mV 85C Model Minimum Pulse Width 'altera_reserved_tck'
Slack : 18.571
TNS   : 0.000

Type  : Slow 1100mV 0C Model Setup 'plla|clocka_pll_inst|altera_pll_i|general[0].gpll~PLL_OUTPUT_COUNTER|divclk'
Slack : 0.331
TNS   : 0.000

Type  : Slow 1100mV 0C Model Setup 'pllb|clockb_pll_inst|altera_pll_i|general[0].gpll~PLL_OUTPUT_COUNTER|divclk'
Slack : 2.070
TNS   : 0.000

Type  : Slow 1100mV 0C Model Setup 'altera_reserved_tck'
Slack : 10.529
TNS   : 0.000

Type  : Slow 1100mV 0C Model Hold 'altera_reserved_tck'
Slack : 0.139
TNS   : 0.000

Type  : Slow 1100mV 0C Model Hold 'pllb|clockb_pll_inst|altera_pll_i|general[0].gpll~PLL_OUTPUT_COUNTER|divclk'
Slack : 0.221
TNS   : 0.000

Type  : Slow 1100mV 0C Model Hold 'plla|clocka_pll_inst|altera_pll_i|general[0].gpll~PLL_OUTPUT_COUNTER|divclk'
Slack : 0.249
TNS   : 0.000

Type  : Slow 1100mV 0C Model Recovery 'altera_reserved_tck'
Slack : 36.028
TNS   : 0.000

Type  : Slow 1100mV 0C Model Removal 'altera_reserved_tck'
Slack : 0.870
TNS   : 0.000

Type  : Slow 1100mV 0C Model Minimum Pulse Width 'pllb|clockb_pll_inst|altera_pll_i|general[0].gpll~FRACTIONAL_PLL|vcoph[0]'
Slack : 1.157
TNS   : 0.000

Type  : Slow 1100mV 0C Model Minimum Pulse Width 'plla|clocka_pll_inst|altera_pll_i|general[0].gpll~PLL_OUTPUT_COUNTER|divclk'
Slack : 1.244
TNS   : 0.000

Type  : Slow 1100mV 0C Model Minimum Pulse Width 'plla|clocka_pll_inst|altera_pll_i|general[0].gpll~FRACTIONAL_PLL|vcoph[0]'
Slack : 1.250
TNS   : 0.000

Type  : Slow 1100mV 0C Model Minimum Pulse Width 'pllb|clockb_pll_inst|altera_pll_i|general[0].gpll~PLL_OUTPUT_COUNTER|divclk'
Slack : 2.230
TNS   : 0.000

Type  : Slow 1100mV 0C Model Minimum Pulse Width 'clock_50'
Slack : 9.673
TNS   : 0.000

Type  : Slow 1100mV 0C Model Minimum Pulse Width 'clock_27'
Slack : 18.192
TNS   : 0.000

Type  : Slow 1100mV 0C Model Minimum Pulse Width 'altera_reserved_tck'
Slack : 18.581
TNS   : 0.000

Type  : Fast 1100mV 85C Model Setup 'plla|clocka_pll_inst|altera_pll_i|general[0].gpll~PLL_OUTPUT_COUNTER|divclk'
Slack : 2.182
TNS   : 0.000

Type  : Fast 1100mV 85C Model Setup 'pllb|clockb_pll_inst|altera_pll_i|general[0].gpll~PLL_OUTPUT_COUNTER|divclk'
Slack : 3.863
TNS   : 0.000

Type  : Fast 1100mV 85C Model Setup 'altera_reserved_tck'
Slack : 12.408
TNS   : 0.000

Type  : Fast 1100mV 85C Model Hold 'altera_reserved_tck'
Slack : 0.040
TNS   : 0.000

Type  : Fast 1100mV 85C Model Hold 'pllb|clockb_pll_inst|altera_pll_i|general[0].gpll~PLL_OUTPUT_COUNTER|divclk'
Slack : 0.138
TNS   : 0.000

Type  : Fast 1100mV 85C Model Hold 'plla|clocka_pll_inst|altera_pll_i|general[0].gpll~PLL_OUTPUT_COUNTER|divclk'
Slack : 0.168
TNS   : 0.000

Type  : Fast 1100mV 85C Model Recovery 'altera_reserved_tck'
Slack : 37.030
TNS   : 0.000

Type  : Fast 1100mV 85C Model Removal 'altera_reserved_tck'
Slack : 0.477
TNS   : 0.000

Type  : Fast 1100mV 85C Model Minimum Pulse Width 'pllb|clockb_pll_inst|altera_pll_i|general[0].gpll~FRACTIONAL_PLL|vcoph[0]'
Slack : 1.157
TNS   : 0.000

Type  : Fast 1100mV 85C Model Minimum Pulse Width 'plla|clocka_pll_inst|altera_pll_i|general[0].gpll~FRACTIONAL_PLL|vcoph[0]'
Slack : 1.250
TNS   : 0.000

Type  : Fast 1100mV 85C Model Minimum Pulse Width 'plla|clocka_pll_inst|altera_pll_i|general[0].gpll~PLL_OUTPUT_COUNTER|divclk'
Slack : 1.386
TNS   : 0.000

Type  : Fast 1100mV 85C Model Minimum Pulse Width 'pllb|clockb_pll_inst|altera_pll_i|general[0].gpll~PLL_OUTPUT_COUNTER|divclk'
Slack : 2.364
TNS   : 0.000

Type  : Fast 1100mV 85C Model Minimum Pulse Width 'clock_50'
Slack : 9.336
TNS   : 0.000

Type  : Fast 1100mV 85C Model Minimum Pulse Width 'clock_27'
Slack : 17.855
TNS   : 0.000

Type  : Fast 1100mV 85C Model Minimum Pulse Width 'altera_reserved_tck'
Slack : 18.334
TNS   : 0.000

Type  : Fast 1100mV 0C Model Setup 'plla|clocka_pll_inst|altera_pll_i|general[0].gpll~PLL_OUTPUT_COUNTER|divclk'
Slack : 2.465
TNS   : 0.000

Type  : Fast 1100mV 0C Model Setup 'pllb|clockb_pll_inst|altera_pll_i|general[0].gpll~PLL_OUTPUT_COUNTER|divclk'
Slack : 4.186
TNS   : 0.000

Type  : Fast 1100mV 0C Model Setup 'altera_reserved_tck'
Slack : 12.703
TNS   : 0.000

Type  : Fast 1100mV 0C Model Hold 'altera_reserved_tck'
Slack : 0.027
TNS   : 0.000

Type  : Fast 1100mV 0C Model Hold 'pllb|clockb_pll_inst|altera_pll_i|general[0].gpll~PLL_OUTPUT_COUNTER|divclk'
Slack : 0.125
TNS   : 0.000

Type  : Fast 1100mV 0C Model Hold 'plla|clocka_pll_inst|altera_pll_i|general[0].gpll~PLL_OUTPUT_COUNTER|divclk'
Slack : 0.153
TNS   : 0.000

Type  : Fast 1100mV 0C Model Recovery 'altera_reserved_tck'
Slack : 37.358
TNS   : 0.000

Type  : Fast 1100mV 0C Model Removal 'altera_reserved_tck'
Slack : 0.428
TNS   : 0.000

Type  : Fast 1100mV 0C Model Minimum Pulse Width 'pllb|clockb_pll_inst|altera_pll_i|general[0].gpll~FRACTIONAL_PLL|vcoph[0]'
Slack : 1.157
TNS   : 0.000

Type  : Fast 1100mV 0C Model Minimum Pulse Width 'plla|clocka_pll_inst|altera_pll_i|general[0].gpll~FRACTIONAL_PLL|vcoph[0]'
Slack : 1.250
TNS   : 0.000

Type  : Fast 1100mV 0C Model Minimum Pulse Width 'plla|clocka_pll_inst|altera_pll_i|general[0].gpll~PLL_OUTPUT_COUNTER|divclk'
Slack : 1.384
TNS   : 0.000

Type  : Fast 1100mV 0C Model Minimum Pulse Width 'pllb|clockb_pll_inst|altera_pll_i|general[0].gpll~PLL_OUTPUT_COUNTER|divclk'
Slack : 2.362
TNS   : 0.000

Type  : Fast 1100mV 0C Model Minimum Pulse Width 'clock_50'
Slack : 9.286
TNS   : 0.000

Type  : Fast 1100mV 0C Model Minimum Pulse Width 'clock_27'
Slack : 17.805
TNS   : 0.000

Type  : Fast 1100mV 0C Model Minimum Pulse Width 'altera_reserved_tck'
Slack : 18.368
TNS   : 0.000

------------------------------------------------------------
