------------------------------------------------------------
TimeQuest Timing Analyzer Summary
------------------------------------------------------------

Type  : Slow 1100mV 85C Model Setup 'clock_50Mhz'
Slack : 6.002
TNS   : 0.000

Type  : Slow 1100mV 85C Model Hold 'clock_50Mhz'
Slack : 0.378
TNS   : 0.000

Type  : Slow 1100mV 85C Model Recovery 'clock_50Mhz'
Slack : 13.419
TNS   : 0.000

Type  : Slow 1100mV 85C Model Removal 'clock_50Mhz'
Slack : 3.925
TNS   : 0.000

Type  : Slow 1100mV 85C Model Minimum Pulse Width 'clock_50Mhz'
Slack : 9.218
TNS   : 0.000

Type  : Slow 1100mV 0C Model Setup 'clock_50Mhz'
Slack : 6.709
TNS   : 0.000

Type  : Slow 1100mV 0C Model Hold 'clock_50Mhz'
Slack : 0.371
TNS   : 0.000

Type  : Slow 1100mV 0C Model Recovery 'clock_50Mhz'
Slack : 14.002
TNS   : 0.000

Type  : Slow 1100mV 0C Model Removal 'clock_50Mhz'
Slack : 3.373
TNS   : 0.000

Type  : Slow 1100mV 0C Model Minimum Pulse Width 'clock_50Mhz'
Slack : 9.280
TNS   : 0.000

Type  : Fast 1100mV 85C Model Setup 'clock_50Mhz'
Slack : 10.801
TNS   : 0.000

Type  : Fast 1100mV 85C Model Hold 'clock_50Mhz'
Slack : 0.185
TNS   : 0.000

Type  : Fast 1100mV 85C Model Recovery 'clock_50Mhz'
Slack : 15.371
TNS   : 0.000

Type  : Fast 1100mV 85C Model Removal 'clock_50Mhz'
Slack : 2.314
TNS   : 0.000

Type  : Fast 1100mV 85C Model Minimum Pulse Width 'clock_50Mhz'
Slack : 9.100
TNS   : 0.000

Type  : Fast 1100mV 0C Model Setup 'clock_50Mhz'
Slack : 11.419
TNS   : 0.000

Type  : Fast 1100mV 0C Model Hold 'clock_50Mhz'
Slack : 0.176
TNS   : 0.000

Type  : Fast 1100mV 0C Model Recovery 'clock_50Mhz'
Slack : 15.600
TNS   : 0.000

Type  : Fast 1100mV 0C Model Removal 'clock_50Mhz'
Slack : 2.166
TNS   : 0.000

Type  : Fast 1100mV 0C Model Minimum Pulse Width 'clock_50Mhz'
Slack : 9.066
TNS   : 0.000

------------------------------------------------------------
